 Image webrtc-game-stream-web Building 
 Image webrtc-game-stream-signaling Building 
 Image webrtc-game-stream-game Building 
#1 [internal] load local bake definitions
#1 reading from stdin 1.42kB done
#1 DONE 0.0s

#2 [web internal] load build definition from Dockerfile
#2 transferring dockerfile: 200B 0.0s done
#2 DONE 0.1s

#3 [game internal] load build definition from Dockerfile
#3 transferring dockerfile: 647B 0.0s done
#3 DONE 0.1s

#4 [signaling internal] load build definition from Dockerfile
#4 transferring dockerfile: 153B done
#4 DONE 0.1s

#5 [signaling internal] load metadata for docker.io/library/node:20-alpine
#5 DONE 0.5s

#6 [game internal] load metadata for docker.io/library/rockylinux:9
#6 ...

#7 [signaling internal] load .dockerignore
#7 transferring context: 2B done
#7 DONE 0.1s

#8 [signaling internal] load build context
#8 DONE 0.0s

#9 [web internal] load metadata for docker.io/library/nginx:alpine
#9 DONE 0.8s

#10 [web internal] load .dockerignore
#10 transferring context: 2B done
#10 DONE 0.0s

#11 [signaling 1/4] FROM docker.io/library/node:20-alpine@sha256:09e2b3d9726018aecf269bd35325f46bf75046a643a66d28360ec71132750ec8
#11 resolve docker.io/library/node:20-alpine@sha256:09e2b3d9726018aecf269bd35325f46bf75046a643a66d28360ec71132750ec8 0.1s done
#11 DONE 0.1s

#6 [game internal] load metadata for docker.io/library/rockylinux:9
#6 ...

#8 [signaling internal] load build context
#8 transferring context: 31B done
#8 DONE 0.1s

#12 [web internal] load build context
#12 transferring context: 90B done
#12 DONE 0.1s

#13 [signaling 3/4] COPY server.js .
#13 CACHED

#14 [signaling 2/4] WORKDIR /app
#14 CACHED

#15 [signaling 4/4] RUN npm init -y && npm i ws
#15 CACHED

#16 [web 1/4] FROM docker.io/library/nginx:alpine@sha256:1d13701a5f9f3fb01aaa88cef2344d65b6b5bf6b7d9fa4cf0dca557a8d7702ba
#16 resolve docker.io/library/nginx:alpine@sha256:1d13701a5f9f3fb01aaa88cef2344d65b6b5bf6b7d9fa4cf0dca557a8d7702ba 0.1s done
#16 DONE 0.1s

#17 [web 2/4] COPY nginx.conf /etc/nginx/conf.d/default.conf
#17 CACHED

#18 [web 3/4] COPY index.html /usr/share/nginx/html/index.html
#18 CACHED

#19 [web 4/4] COPY client.js /usr/share/nginx/html/client.js
#19 CACHED

#20 [web] exporting to image
#20 exporting layers done
#20 exporting manifest sha256:4c7145ce70fa2dcdd54989fa0a81b072b1096339a6ddf60f3cbe839835936c50 0.0s done
#20 exporting config sha256:031c464f5bf19bf7b7cbb6dc67168c65bb9f1d18d76a17a5c9ed66252ca5de5f 0.1s done
#20 exporting attestation manifest sha256:b7cfa6ab6fb461fbc203be6b5c7a35a2942f7e44b5c9b615d202d57741f48ecf
#20 exporting attestation manifest sha256:b7cfa6ab6fb461fbc203be6b5c7a35a2942f7e44b5c9b615d202d57741f48ecf 0.2s done
#20 exporting manifest list sha256:dc4ab1b60c5445e9fb687b8b4bdc860960f17c513b6e153ead892cd69b37a1a0
#20 exporting manifest list sha256:dc4ab1b60c5445e9fb687b8b4bdc860960f17c513b6e153ead892cd69b37a1a0 0.1s done
#20 naming to docker.io/library/webrtc-game-stream-web:latest 0.0s done
#20 unpacking to docker.io/library/webrtc-game-stream-web:latest 0.1s done
#20 DONE 0.6s

#21 [signaling] exporting to image
#21 exporting layers done
#21 exporting manifest sha256:43281b224710bb2328b0e52d0743025cff107eccdce372ae0338b5ad6b63d48a 0.0s done
#21 exporting config sha256:06aafc806e6bb18030c8469fe8716671a143cd34b2eb76fe5401fb6c4393367c 0.0s done
#21 exporting attestation manifest sha256:90b8d5d58e38b0039736ba49236839a687eeade092f7f0fbac92016433f887b8 0.2s done
#21 exporting manifest list sha256:1873996ece33779b73e88dc86bb7ad6a48ca4d9a200daa02156e6dffa61431d7 0.1s done
#21 naming to docker.io/library/webrtc-game-stream-signaling:latest 0.0s done
#21 unpacking to docker.io/library/webrtc-game-stream-signaling:latest 0.0s done
#21 DONE 0.6s

#6 [game internal] load metadata for docker.io/library/rockylinux:9
#6 ERROR: failed to copy: httpReadSeeker: failed open: unexpected status from GET request to https://registry-1.docker.io/v2/library/rockylinux/manifests/sha256:d7be1c094cc5845ee815d4632fe377514ee6ebcf8efaed6892889657e5ddaaa6: 429 Too Many Requests
toomanyrequests: You have reached your unauthenticated pull rate limit. https://www.docker.com/increase-rate-limit

#22 [signaling] resolving provenance for metadata file
#22 DONE 0.1s

#23 [web] resolving provenance for metadata file
#23 DONE 0.0s
------
 > [game internal] load metadata for docker.io/library/rockylinux:9:
------
Dockerfile:1

--------------------

   1 | >>> FROM rockylinux:9

   2 |     

   3 |     RUN dnf install -y epel-release && \

--------------------

target game: failed to solve: rockylinux:9: failed to resolve source metadata for docker.io/library/rockylinux:9: failed to copy: httpReadSeeker: failed open: unexpected status from GET request to https://registry-1.docker.io/v2/library/rockylinux/manifests/sha256:d7be1c094cc5845ee815d4632fe377514ee6ebcf8efaed6892889657e5ddaaa6: 429 Too Many Requests

toomanyrequests: You have reached your unauthenticated pull rate limit. https://www.docker.com/increase-rate-limit

